// Jest Snapshot v1, https://goo.gl/fbAQLP

exports[`Timeline should render correctly 1`] = `
<div
  className="title"
>
  <h2>
    Test title
  </h2>
</div>
`;
