// Jest Snapshot v1, https://goo.gl/fbAQLP

exports[`Loader should render correctly 1`] = `
<div
  className="logo"
>
  <div
    className="bracket"
  >
    {
  </div>
  <div
    className="text"
  >
    AWB
  </div>
  <div
    className="bracket"
  >
    }
  </div>
</div>
`;
